
[1m[46m RUN [49m[22m [36mv4.0.18 [39m[90mC:/Users/Lenovo/Downloads/luachish[39m

[baseline-browser-mapping] The data in this module is over two months old.  To ensure accurate Baseline data, please update: `npm i baseline-browser-mapping@latest -D`
Γמ»Γמ»Γמ»Γמ»Γמ»Γמ» Unhandled Errors Γמ»Γמ»Γמ»Γמ»Γמ»Γמ»

Vitest caught 1 unhandled error during the test run.
This might cause false positive tests. Resolve unhandled errors to make sure your tests are not affected.

Γמ»Γמ»Γמ»Γמ»Γמ»Γמ» Unhandled Error Γמ»Γמ»Γמ»Γמ»Γמ»Γמ»Γמ»
Error: [vitest-pool]: Failed to start forks worker for test files C:/Users/Lenovo/Downloads/luachish/src/shared/utils/__tests__/timeCalculations.test.ts.
 Γ¥» node_modules/vitest/dist/chunks/cli-api.B7PN_QUv.js:8046:94
 Γ¥» processTicksAndRejections node:internal/process/task_queues:105:5
 Γ¥» Pool.schedule node_modules/vitest/dist/chunks/cli-api.B7PN_QUv.js:8046:5

Caused by: Error: require() of ES Module C:\Users\Lenovo\Downloads\luachish\node_modules\@csstools\css-calc\dist\index.mjs not supported.
Instead change the require of C:\Users\Lenovo\Downloads\luachish\node_modules\@csstools\css-calc\dist\index.mjs to a dynamic import() which is available in all CommonJS modules.
 Γ¥» TracingChannel.traceSync node:diagnostics_channel:315:14
 Γ¥» Object.<anonymous> node_modules/@asamuzakjp/css-color/dist/cjs/index.cjs:30:24

Γמ»Γמ»Γמ»Γמ»Γמ»Γמ»Γמ»Γמ»Γמ»Γמ»Γמ»Γמ»Γמ»Γמ»Γמ»Γמ»Γמ»Γמ»Γמ»Γמ»Γמ»Γמ»Γמ»Γמ»Γמ»Γמ»Γמ»Γמ»Γמ»Γמ»

Serialized Error: { code: 'ERR_REQUIRE_ESM' }
Γמ»Γמ»Γמ»Γמ»Γמ»Γמ»Γמ»Γמ»Γמ»Γמ»Γמ»Γמ»Γמ»Γמ»Γמ»Γמ»Γמ»Γמ»Γמ»Γמ»Γמ»Γמ»Γמ»Γמ»Γמ»Γמ»Γמ»Γמ»Γמ»Γמ»

[2m Test Files [22m [2mno tests[22m
[2m      Tests [22m [2mno tests[22m
[2m     Errors [22m [1m[31m1 error[39m[22m
[2m   Start at [22m 07:23:50
[2m   Duration [22m 438ms[2m (transform 0ms, setup 0ms, import 0ms, tests 0ms, environment 0ms)[22m

