src/features/board/components/BoardGrid.tsx(119,25): error TS2322: Type 'string | null' is not assignable to type '{ id: string; title: string; columnType: string; specificDate?: string | undefined; } | null | undefined'.
  Type 'string' is not assignable to type '{ id: string; title: string; columnType: string; specificDate?: string | undefined; }'.
src/features/board/components/BoardView.tsx(374,17): error TS2322: Type 'Map<string, string | null>' is not assignable to type 'Map<string, string>'.
  Type 'string | null' is not assignable to type 'string'.
    Type 'null' is not assignable to type 'string'.
src/features/board/hooks/useBoardSettings.ts(2,1): error TS6192: All imports in import declaration are unused.
src/features/board/hooks/useBoardSettings.ts(3,1): error TS6133: 'db' is declared but its value is never read.
src/features/board/hooks/useBoardSettings.ts(3,20): error TS2307: Cannot find module '../firebase' or its corresponding type declarations.
src/features/board/hooks/useBoardSettings.ts(5,31): error TS2307: Cannot find module '../types' or its corresponding type declarations.
src/features/board/hooks/useBoardSettings.ts(6,38): error TS2307: Cannot find module '../utils/offlineStorage' or its corresponding type declarations.
src/features/board/hooks/useBoardSettings.ts(39,18): error TS7006: Parameter 'synagogueId' implicitly has an 'any' type.
src/features/board/hooks/useBoardSettings.ts(41,17): error TS7006: Parameter 'data' implicitly has an 'any' type.
src/features/board/hooks/useBoardSettings.ts(69,77): error TS7006: Parameter 'updatedSettings' implicitly has an 'any' type.
src/features/board/hooks/useBoardSettings.ts(81,17): error TS7006: Parameter 'prev' implicitly has an 'any' type.
src/features/board/hooks/useColumns.ts(2,1): error TS6192: All imports in import declaration are unused.
src/features/board/hooks/useColumns.ts(3,1): error TS6133: 'db' is declared but its value is never read.
src/features/board/hooks/useColumns.ts(3,20): error TS2307: Cannot find module '../firebase' or its corresponding type declarations.
src/features/board/hooks/useColumns.ts(5,24): error TS2307: Cannot find module '../types' or its corresponding type declarations.
src/features/board/hooks/useColumns.ts(6,38): error TS2307: Cannot find module '../utils/offlineStorage' or its corresponding type declarations.
src/features/board/hooks/useColumns.ts(16,28): error TS7006: Parameter 'synagogueId' implicitly has an 'any' type.
src/features/board/hooks/useColumns.ts(18,17): error TS7006: Parameter 'data' implicitly has an 'any' type.
src/features/board/hooks/useColumns.ts(44,76): error TS7006: Parameter 'updatedColumns' implicitly has an 'any' type.
src/features/board/hooks/useColumns.ts(45,43): error TS7006: Parameter 'a' implicitly has an 'any' type.
src/features/board/hooks/useColumns.ts(45,46): error TS7006: Parameter 'b' implicitly has an 'any' type.
src/features/board/hooks/useColumns.ts(55,16): error TS6133: 'prev' is declared but its value is never read.
src/features/board/hooks/useEvents.ts(2,1): error TS6192: All imports in import declaration are unused.
src/features/board/hooks/useEvents.ts(3,1): error TS6133: 'isEqual' is declared but its value is never read.
src/features/board/hooks/useEvents.ts(4,1): error TS6133: 'db' is declared but its value is never read.
src/features/board/hooks/useEvents.ts(4,20): error TS2307: Cannot find module '../firebase' or its corresponding type declarations.
src/features/board/hooks/useEvents.ts(6,27): error TS2307: Cannot find module '../types' or its corresponding type declarations.
src/features/board/hooks/useEvents.ts(7,38): error TS2307: Cannot find module '../utils/offlineStorage' or its corresponding type declarations.
src/features/board/hooks/useEvents.ts(23,28): error TS7006: Parameter 'synagogueId' implicitly has an 'any' type.
src/features/board/hooks/useEvents.ts(40,75): error TS7006: Parameter 'serverEvents' implicitly has an 'any' type.
src/features/board/hooks/useEvents.ts(41,41): error TS7006: Parameter 'a' implicitly has an 'any' type.
src/features/board/hooks/useEvents.ts(41,44): error TS7006: Parameter 'b' implicitly has an 'any' type.
src/features/board/hooks/useZmanim.ts(3,43): error TS2307: Cannot find module '../types' or its corresponding type declarations.
src/features/editor/components/EditorSidebar.tsx(14,7): error TS6133: 'SaveIcon' is declared but its value is never read.
src/shared/firebase.ts(7,23): error TS2339: Property 'env' does not exist on type 'ImportMeta'.
src/shared/firebase.ts(8,27): error TS2339: Property 'env' does not exist on type 'ImportMeta'.
src/shared/firebase.ts(9,26): error TS2339: Property 'env' does not exist on type 'ImportMeta'.
src/shared/firebase.ts(10,30): error TS2339: Property 'env' does not exist on type 'ImportMeta'.
src/shared/firebase.ts(11,34): error TS2339: Property 'env' does not exist on type 'ImportMeta'.
src/shared/firebase.ts(12,22): error TS2339: Property 'env' does not exist on type 'ImportMeta'.
src/shared/utils/offlineStorage.ts(12,1): error TS6133: 'isEqual' is declared but its value is never read.
src/shared/utils/offlineStorage.ts(13,20): error TS2307: Cannot find module '../../firebase' or its corresponding type declarations.
